06-05-2026 05:38:40 [INFO] (Epic::printVersion) EPIC 1.1.8 (https://pawelsznajder.github.io/epic) distributed under GNU Public License
06-05-2026 05:38:40 [INFO] (Partons::printVersion) PARTONS 5.0.0 (http://partons.cea.fr) distributed under GNU Public License
06-05-2026 05:38:40 [INFO] (Partons::printVersion) Git branch and revision of this version is main/1ad0b7d3bf62328f564c4ded06793e5feed00d4f
06-05-2026 05:38:40 [INFO] (Partons::printVersion) Built using Elementary-Utils 5.0.0 (main/0133fc6e69872270027c37381a273893f7841b42) and NumA++ 5.0.0 (main/f184ee75f1d61b380e522d38ba48fbcbe9d78ae5)
06-05-2026 05:38:40 [INFO] (RandomSeedManager::setSeedCount) Initial random seed set to: 16,367
06-05-2026 05:38:40 [INFO] (DefaultXMLValidator::isValidXMLDocument) File valid
06-05-2026 05:38:40 [INFO] (AutomationService::parseXMLFile) File scenarios/EIC_9x100_DDVCS_mumu_hplus.xml is valid
06-05-2026 05:38:40 [INFO] (DDVCSGeneratorService::getGeneralConfigurationFromTask) General configuration:

Number of events: 1,000,000
Debugging histogram file: output/histos/9x100_DDVCS_mumu_hplus.root

06-05-2026 05:38:40 [INFO] (DDVCSGeneratorService::getAdditionalGeneralConfigurationFromTask) Additional general configuration:

Subprocess: ALL

06-05-2026 05:38:40 [INFO] (DDVCSGeneratorService::getExperimentalConditionsFromTask) Experimental conditions:

Experimental condition lepton energy: 9 [GeV]
Experimental condition lepton type: e-
Experimental condition lepton helicity: 1
Experimental condition hadron energy: 100 [GeV]
Experimental condition hadron type: p
Experimental condition hadron polarisation: Vector3D<0, 0, 0>
Experimental condition fixed target lepton energy equivalent: 1,918.37799357956 [GeV]

06-05-2026 05:38:40 [INFO] (DDVCSGeneratorService::getKinematicRangesFromTask) Kinematic ranges:

DDVCS kinematic range y: min: 0 max: 1
DDVCS kinematic range Q2: min: 0 max: 10
DDVCS kinematic range t: min: -2 max: -0.0001
DDVCS kinematic range Q'2: min: 2 max: 18
DDVCS kinematic range phi: min: 0 max: 6.28318
DDVCS kinematic range phiS: min: 0 max: 6.28318
DDVCS kinematic range phiL: min: 0 max: 6.28318
DDVCS kinematic range thetaL: min: 0.031416 max: 3.110177

DDVCS kinematic range xB: min: 0 max: 1

06-05-2026 05:38:40 [INFO] (DDVCSProcessDMSW22::prepareSubModules) Configured with ScaleModule = DDVCSScalesVirtualitiesSum
06-05-2026 05:38:40 [INFO] (DDVCSProcessDMSW22::prepareSubModules) Configured with XiConverterModule = DDVCSXiConverterTNeglected
06-05-2026 05:38:40 [INFO] (DDVCSProcessDMSW22::prepareSubModules) Configured with ConvolCoeffFunctionModule = DDVCSCFFTables
06-05-2026 05:38:40 [INFO] (DDVCSCFFTables::configure) qcd_order_type configured with value = LO
06-05-2026 05:38:40 [INFO] (DDVCSGeneratorService::getProcessModuleFromTask) Process module: DDVCSProcessDMSW22
06-05-2026 05:38:40 [INFO] (EventGeneratorFOAM::configure) Parameter nCells changed to 1,000
06-05-2026 05:38:40 [INFO] (EventGeneratorFOAM::configure) Parameter nSamples changed to 100
06-05-2026 05:38:40 [INFO] (EventGeneratorFOAM::configure) Parameter nBins changed to 10
06-05-2026 05:38:40 [INFO] (DDVCSGeneratorService::getEventGeneratorModuleFromTask) Event generator module: EventGeneratorFOAM
06-05-2026 05:38:40 [INFO] (DDVCSKinematicDefault::configure) Decay type set to: muon-
06-05-2026 05:38:40 [INFO] (DDVCSGeneratorService::getKinematicModuleFromTask) Kinematic module: DDVCSKinematicDefault
06-05-2026 05:38:40 [INFO] (DDVCSGeneratorService::getRCModuleFromTask) Radiative correction module: DDVCSRCNull
06-05-2026 05:38:40 [INFO] (WriterHepMC3::configure) Output file name set to: output/9x100_DDVCS_mumu_hplus.hepmc
06-05-2026 05:38:40 [INFO] (WriterHepMC3::configure) HepMC3 writer type set to: ascii
06-05-2026 05:38:40 [INFO] (DDVCSGeneratorService::getWriterModuleFromTask) Writer module: WriterHepMC3
06-05-2026 05:38:40 [INFO] (DDVCSGeneratorService::openHistogramFile) Histogram file created successfully: output/histos/9x100_DDVCS_mumu_hplus.root
[33m06-05-2026 05:38:40 [WARN] (DDVCSKinematicDefault::changeKinematicRange) Range for variable y changed from min: 0 max: 1 to min: 0.00012927601238324 max: 1[0m
[33m06-05-2026 05:38:40 [WARN] (DDVCSKinematicDefault::changeKinematicRange) Range for variable Q2 changed from min: 0 max: 10 to min: 4.36447479711929e-16 max: 10[0m
06-05-2026 05:38:40 [INFO] (EventGeneratorFOAM::initialise) Creating new TFoam object
06-05-2026 05:38:40 [INFO] (EventGeneratorFOAM::initialise) TFoam object name: 380415417ca8e0dbfecdf37a6e1f263c7e134635
06-05-2026 05:38:40 [INFO] (DDVCSCFFTables::loadGrid) CFF H processed successfully: xi (min, max, nNodes): (0.00100000004749745, 0.699999988079071, 21), t (min, max, nNodes): (-1.20000004768372, -0, 11), Q2 (min, max, nNodes): (0.0500000007450581, 10, 11), Q'2 (min, max, nNodes): (2, 10, 11)
06-05-2026 05:38:40 [INFO] (DDVCSCFFTables::loadGrid) CFF E processed successfully: xi (min, max, nNodes): (0.00100000004749745, 0.699999988079071, 21), t (min, max, nNodes): (-1.20000004768372, -0, 11), Q2 (min, max, nNodes): (0.0500000007450581, 10, 11), Q'2 (min, max, nNodes): (2, 10, 11)
06-05-2026 05:38:40 [INFO] (DDVCSCFFTables::loadGrid) CFF Ht processed successfully: xi (min, max, nNodes): (0.00100000004749745, 0.699999988079071, 21), t (min, max, nNodes): (-1.20000004768372, -0, 11), Q2 (min, max, nNodes): (0.0500000007450581, 10, 11), Q'2 (min, max, nNodes): (2, 10, 11)
06-05-2026 05:38:40 [INFO] (DDVCSCFFTables::loadGrid) CFF Et processed successfully: xi (min, max, nNodes): (0.00100000004749745, 0.699999988079071, 21), t (min, max, nNodes): (-1.20000004768372, -0, 11), Q2 (min, max, nNodes): (0.0500000007450581, 10, 11), Q'2 (min, max, nNodes): (2, 10, 11)
[33m06-05-2026 05:38:40 [WARN] (DDVCSCFFTables::checkRange) Value outside grid, freeze or return zero (more of these warning will be suppressed)[0m
06-05-2026 08:48:14 [INFO] (DDVCSGeneratorService::printAndSaveGenerationConfiguration) Generation information:

Generator name: EPIC
Generator version: 1.1.8
Description: 2026-05-06 | DDVCS auto-generated
Service name: DDVCSGeneratorService
Number of generated events: 1,000,000
Integrated cross-section (value) [nb]: 2.73638392808056
Integrated cross-section (uncertainty) [nb]: 0.0469210803589148
Generation date: Wed May  6 20:48:14 2026

Initialization time [s]: 56.953233
Generation time (total) [s]: 11,317.088025
Generation time (per event) [s]: 0.011317088025

Additional information:
lepton_polarisation: 1
hadron_polarisation: 0|0|0
suprocesses_type: ALL

06-05-2026 08:48:14 [INFO] (DDVCSGeneratorService::closeHistogramFile) Histogram file closed after saving 8 histograms
06-05-2026 08:48:14 [INFO] (LoggerManager::close) ... Closed properly ...
